000128a0 r C.55.5467
00010678 T FontCacheDeInit
0000fc84 T FontCacheInit
000105cc T FontChanged
0000fcbc T ReadFileLine
0000fd6c T ReadFont
00010440 T ReadFontOfCode
0001026c T TellMeNextNearestFont
0001b148 d _DYNAMIC
0001b250 d _GLOBAL_OFFSET_TABLE_
00012008 R _IO_stdin_used
         w _Jv_RegisterClasses
00013138 r __FRAME_END__
0001b144 d __JCR_END__
0001b144 d __JCR_LIST__
000114b4 T __adddf3
00011d38 T __addsf3
00011cd0 T __aeabi_d2iz
000114b4 T __aeabi_dadd
00011acc T __aeabi_ddiv
00011860 T __aeabi_dmul
000114a8 T __aeabi_drsub
000114b0 T __aeabi_dsub
000117ac T __aeabi_f2d
00011d38 T __aeabi_fadd
00011d2c T __aeabi_frsub
00011d34 T __aeabi_fsub
00011784 T __aeabi_i2d
00011ed0 T __aeabi_i2f
00011270 T __aeabi_idiv
00011490 T __aeabi_idivmod
00011800 T __aeabi_l2d
00011f00 T __aeabi_l2f
00011760 T __aeabi_ui2d
00011ec8 T __aeabi_ui2f
000117ec T __aeabi_ul2d
00011ef0 T __aeabi_ul2f
00024cc8 A __bss_end__
00023c10 A __bss_start
00023c10 A __bss_start__
0001b360 D __data_start
00011f7c T __div0
00011acc T __divdf3
00011270 T __divsi3
000092a0 t __do_global_dtors_aux
0001b140 t __do_global_dtors_aux_fini_array_entry
0001b364 D __dso_handle
00024cc8 A __end__
00013138 A __exidx_end
00013130 A __exidx_start
000117ac T __extendsfdf2
00011cd0 T __fixdfsi
00011800 T __floatdidf
00011f00 T __floatdisf
00011784 T __floatsidf
00011ed0 T __floatsisf
000117ec T __floatundidf
00011ef0 T __floatundisf
00011760 T __floatunsidf
00011ec8 T __floatunsisf
0001b13c t __frame_dummy_init_array_entry
         w __gmon_start__
0001b140 t __init_array_end
0001b13c t __init_array_start
00011f8c T __libc_csu_fini
00011f90 T __libc_csu_init
         U __libc_start_main@@GLIBC_2.4
00011860 T __muldf3
000114b0 T __subdf3
00011d34 T __subsf3
00024cc8 A _bss_end__
00023c10 A _edata
00024cc8 A _end
00011ffc T _fini
00008f1c T _init
         U _setjmp@@GLIBC_2.4
0000923c T _start
         U abort@@GLIBC_2.4
         U access@@GLIBC_2.4
0000a91c T addTouchevent
0000b0a4 t b16_clear
0000ea40 t b16_clear
0000b074 t b16_color
0000ea10 t b16_color
0000b124 t b16_get_pixel
0000eaa4 t b16_get_pixel
0000b160 t b16_hline
0000eb78 t b16_hline
0000b0f4 t b16_set_pixel
0000eb40 t b16_set_pixel
0000b1b4 t b16_vline
0000ebd4 t b16_vline
0000d164 t b1_clear
0000ef98 t b1_clear
0000d140 t b1_get_pixel
0000e89c t b1_get_pixel
0000d17c t b1_hline
0000ef74 t b1_hline
0000d14c t b1_set_pixel
0000ef80 t b1_set_pixel
0000d134 t b1_vline
0000ef68 t b1_vline
0000b20c t b24_clear
0000eeb0 t b24_clear
0000b2b8 t b24_get_pixel
0000ec38 t b24_get_pixel
0000b2ec t b24_hline
0000eea4 t b24_hline
0000b278 t b24_set_pixel
0000ec80 t b24_set_pixel
0000b33c t b24_vline
0000ee98 t b24_vline
0000b3b4 t b32_clear
0000ee80 t b32_clear
0000b390 t b32_color
0000b424 t b32_get_pixel
0000eccc t b32_get_pixel
0000b450 t b32_hline
0000ee74 t b32_hline
0000b3f8 t b32_set_pixel
0000ed18 t b32_set_pixel
0000b49c t b32_vline
0000ee68 t b32_vline
0000d0fc t b4_clear
0000ef30 t b4_clear
0000d0d8 t b4_get_pixel
0000e92c t b4_get_pixel
0000d114 t b4_hline
0000ef48 t b4_hline
0000d0e4 t b4_set_pixel
0000e9a4 t b4_set_pixel
0000d0cc t b4_vline
0000ef24 t b4_vline
0000d094 t b8_clear
0000eeec t b8_clear
0000d070 t b8_get_pixel
0000e9b0 t b8_get_pixel
0000d0ac t b8_hline
0000ef04 t b8_hline
0000d07c t b8_set_pixel
0000eed4 t b8_set_pixel
0000d064 t b8_vline
0000eec8 t b8_vline
0001b36c D beforeEvent
00023c20 b before_screen
00023c2c b buff
00024094 B bx
00024098 B by
0000ed70 t calculate_boffset
00009274 t call_gmon_start
00024c9c B camera_dev
0000d6ac t ch3_clear
0000d718 t ch3_get_pixel
0000d794 t ch3_hline
0000d754 t ch3_set_pixel
0000d7e8 t ch3_vline
0000d844 t ch4_clear
0000d8b8 t ch4_get_pixel
0000d944 t ch4_hline
0000d8f8 t ch4_set_pixel
0000d9a0 t ch4_vline
0000b590 t circle
0000bbe4 t circle_dot
         U close@@GLIBC_2.4
0000ae48 T closeTouchevent
0000b018 T close_camera
00023c14 b completed.5972
000130a8 R con
000106f8 T convertMultibyteToUnicodeString
000106ac T convert_char_ksc5601_to_ucs2
0000e390 t copy_1byte
0000e3b4 t copy_3byte
0001b360 W data_start
00023c1c b dc_buffer
0000af20 T dc_camera
00023c18 b dc_screen
0000b4ec t draw_circle
0000b658 t ellipse
000248b4 B eventArray
0001b368 D event_fd
         U exit@@GLIBC_2.4
0002402c b fb_dev_name
         U fclose@@GLIBC_2.4
         U fgetc@@GLIBC_2.4
00023c24 b font14
00023c28 b font18
00009c78 T fontloader14
00009c20 T fontloader18
         U fopen@@GLIBC_2.4
000240a4 b fp.4256
000092bc t frame_dummy
         U fread@@GLIBC_2.4
         U free@@GLIBC_2.4
0000f0bc t free_bmp_resource
0000e438 t free_jpg_resource
0000da38 t free_png_resource
         U fseek@@GLIBC_2.4
         U ftell@@GLIBC_2.4
0000aec4 T grayscale
0000d20c T gx_bitblt
0000c450 T gx_bitblt270
0000c264 T gx_bitblt90
0000c648 T gx_bitblt_mask
0000f0b8 T gx_bmp_close
0000f940 T gx_bmp_create
0000f520 T gx_bmp_open
0000bb20 T gx_brush_color
0000c0e0 T gx_circle
0000bad4 T gx_clear
0000bed0 T gx_clear_area
0000cb00 T gx_close
0000cb38 T gx_close_frame
0000ba78 T gx_color
0000c13c T gx_ellipse
00024cc4 B gx_error_code
0000c6f0 T gx_error_string
00024ca0 B gx_fb
0000c750 T gx_get_buffer_dc
0000c9cc T gx_get_compatible_dc
0000ced0 T gx_get_frame_dc
0000bb50 T gx_get_pixel
0000d058 T gx_get_screen_dc
0000f8dc T gx_given_bmp_mastering
0000bc24 T gx_hline
000107e0 T gx_imagelist_close
0001082c T gx_imagelist_create
000107c4 T gx_imagelist_get
0000c1ac T gx_invrectangle
0000e434 T gx_jpg_close
0000e458 T gx_jpg_open
00010edc T gx_layer_add
00010e8c T gx_layer_close
00010e1c T gx_layer_create
00010f60 T gx_layer_draw
00010cfc T gx_layer_get_dc
00010d20 T gx_layer_invalid
0001119c T gx_layer_redraw
00010ddc T gx_layer_visible
0000bfb0 T gx_line
0000bd28 T gx_line_to
00010ab4 T gx_mosaic_add
00010a78 T gx_mosaic_close
00010990 T gx_mosaic_create
00010b68 T gx_mosaic_draw
0000bc18 T gx_move_to
0000cd74 T gx_open
0000f9f8 T gx_open_font
0000cb70 T gx_open_frame
0000baf0 T gx_pen_color
0000da34 T gx_png_close
0000e188 T gx_png_create
0000da58 T gx_png_open
0000c724 T gx_print_error
0000d19c T gx_printf_error
0000bfd8 T gx_rectangle
0000c6e0 T gx_release_dc
0000bab0 T gx_set_alpha
0000f9f0 T gx_set_font
0000bb94 T gx_set_pixel
0000fa90 T gx_text_out
0000d630 T gx_to_fast_dc
0000d1fc T gx_to_screen_dc
0000bca4 T gx_vline
0000e878 T ima_jpeg_error_exit
0000ae58 T initTouchevent
0000b028 T init_camera
000093e8 t interface_layout
000092ec t interface_loading
         U ioctl@@GLIBC_2.4
         U jpeg_CreateDecompress
         U jpeg_calc_output_dimensions
         U jpeg_destroy_decompress
         U jpeg_finish_decompress
         U jpeg_read_header
         U jpeg_read_scanlines
         U jpeg_start_decompress
         U jpeg_std_error
         U jpeg_stdio_src
000240a8 b jpg.4255
00023c0c D ksc5601max
         U longjmp@@GLIBC_2.4
00009cd0 T main
         U malloc@@GLIBC_2.4
         U memcpy@@GLIBC_2.4
         U memset@@GLIBC_2.4
         U mmap@@GLIBC_2.4
         U munmap@@GLIBC_2.4
         U open@@GLIBC_2.4
0000a884 T pauseTouchevent
000240a0 b png.5834
         U png_check_sig
         U png_create_info_struct
         U png_create_read_struct
         U png_destroy_read_struct
         U png_get_IHDR
         U png_get_bKGD
         U png_get_channels
         U png_get_gAMA
         U png_get_rowbytes
         U png_get_valid
         U png_init_io
         U png_read_end
         U png_read_image
         U png_read_info
         U png_read_update_info
         U png_set_expand
         U png_set_gamma
         U png_set_gray_to_rgb
         U png_set_sig_bytes
         U png_set_strip_16
0002409c B preesed
         U printf@@GLIBC_2.4
         U putchar@@GLIBC_2.4
         U puts@@GLIBC_2.4
         U raise@@GLIBC_2.4
         U read@@GLIBC_2.4
00010340 t readfontofcode
         U realloc@@GLIBC_2.4
0000cd3c t release_buffer_dc
0000da08 t release_dc
0000e3f8 t release_dc
0000f07c t release_dc
0000cd68 t release_screen_dc
0000a9b8 T removeAllTouchevent
0000a99c T removeTouchevent
0000a8d8 T resumeTouchevent
0000efb0 t set_header
0000b888 t set_virtual_func
0000f0dc t setup_bitmap
         U sleep@@GLIBC_2.4
         U sprintf@@GLIBC_2.4
         U sscanf@@GLIBC_2.4
00023c10 B stdout@@GLIBC_2.4
         U strcpy@@GLIBC_2.4
         U strlen@@GLIBC_2.4
         U strncmp@@GLIBC_2.4
0001b370 D tabksc5601
0000a9fc T touch
000248b0 B touch_before
00024090 B touch_evnet_cnt
000240ac b uniString.4181
         U usleep@@GLIBC_2.4
         U vfprintf@@GLIBC_2.4
