00012ac0 r C.55.5467
00010884 T FontCacheDeInit
0000fe90 T FontCacheInit
000107d8 T FontChanged
0000fec8 T ReadFileLine
0000ff78 T ReadFont
0001064c T ReadFontOfCode
00010478 T TellMeNextNearestFont
0001b368 d _DYNAMIC
0001b470 d _GLOBAL_OFFSET_TABLE_
00012210 R _IO_stdin_used
         w _Jv_RegisterClasses
00013358 r __FRAME_END__
0001b364 d __JCR_END__
0001b364 d __JCR_LIST__
000116c0 T __adddf3
00011f44 T __addsf3
00011edc T __aeabi_d2iz
000116c0 T __aeabi_dadd
00011cd8 T __aeabi_ddiv
00011a6c T __aeabi_dmul
000116b4 T __aeabi_drsub
000116bc T __aeabi_dsub
000119b8 T __aeabi_f2d
00011f44 T __aeabi_fadd
00011f38 T __aeabi_frsub
00011f40 T __aeabi_fsub
00011990 T __aeabi_i2d
000120dc T __aeabi_i2f
0001147c T __aeabi_idiv
0001169c T __aeabi_idivmod
00011a0c T __aeabi_l2d
0001210c T __aeabi_l2f
0001196c T __aeabi_ui2d
000120d4 T __aeabi_ui2f
000119f8 T __aeabi_ul2d
000120fc T __aeabi_ul2f
00024fc0 A __bss_end__
00023e3c A __bss_start
00023e3c A __bss_start__
0001b58c D __data_start
00012188 T __div0
00011cd8 T __divdf3
0001147c T __divsi3
00009338 t __do_global_dtors_aux
0001b360 t __do_global_dtors_aux_fini_array_entry
0001b590 D __dso_handle
00024fc0 A __end__
00013358 A __exidx_end
00013350 A __exidx_start
000119b8 T __extendsfdf2
00011edc T __fixdfsi
00011a0c T __floatdidf
0001210c T __floatdisf
00011990 T __floatsidf
000120dc T __floatsisf
000119f8 T __floatundidf
000120fc T __floatundisf
0001196c T __floatunsidf
000120d4 T __floatunsisf
0001b35c t __frame_dummy_init_array_entry
         w __gmon_start__
0001b360 t __init_array_end
0001b35c t __init_array_start
00012198 T __libc_csu_fini
0001219c T __libc_csu_init
         U __libc_start_main@@GLIBC_2.4
00011a6c T __muldf3
000116bc T __subdf3
00011f40 T __subsf3
00024fc0 A _bss_end__
00023e3c A _edata
00024fc0 A _end
00012208 T _fini
00008f90 T _init
         U _setjmp@@GLIBC_2.4
000092d4 T _start
         U abort@@GLIBC_2.4
         U access@@GLIBC_2.4
0000ac08 T addTouchevent
0000b2b0 t b16_clear
0000ec4c t b16_clear
0000b280 t b16_color
0000ec1c t b16_color
0000b330 t b16_get_pixel
0000ecb0 t b16_get_pixel
0000b36c t b16_hline
0000ed84 t b16_hline
0000b300 t b16_set_pixel
0000ed4c t b16_set_pixel
0000b3c0 t b16_vline
0000ede0 t b16_vline
0000d370 t b1_clear
0000f1a4 t b1_clear
0000d34c t b1_get_pixel
0000eaa8 t b1_get_pixel
0000d388 t b1_hline
0000f180 t b1_hline
0000d358 t b1_set_pixel
0000f18c t b1_set_pixel
0000d340 t b1_vline
0000f174 t b1_vline
0000b418 t b24_clear
0000f0bc t b24_clear
0000b4c4 t b24_get_pixel
0000ee44 t b24_get_pixel
0000b4f8 t b24_hline
0000f0b0 t b24_hline
0000b484 t b24_set_pixel
0000ee8c t b24_set_pixel
0000b548 t b24_vline
0000f0a4 t b24_vline
0000b5c0 t b32_clear
0000f08c t b32_clear
0000b59c t b32_color
0000b630 t b32_get_pixel
0000eed8 t b32_get_pixel
0000b65c t b32_hline
0000f080 t b32_hline
0000b604 t b32_set_pixel
0000ef24 t b32_set_pixel
0000b6a8 t b32_vline
0000f074 t b32_vline
0000d308 t b4_clear
0000f13c t b4_clear
0000d2e4 t b4_get_pixel
0000eb38 t b4_get_pixel
0000d320 t b4_hline
0000f154 t b4_hline
0000d2f0 t b4_set_pixel
0000ebb0 t b4_set_pixel
0000d2d8 t b4_vline
0000f130 t b4_vline
0000d2a0 t b8_clear
0000f0f8 t b8_clear
0000d27c t b8_get_pixel
0000ebbc t b8_get_pixel
0000d2b8 t b8_hline
0000f110 t b8_hline
0000d288 t b8_set_pixel
0000f0e0 t b8_set_pixel
0000d270 t b8_vline
0000f0d4 t b8_vline
0001b598 D beforeEvent
00023e4c b before_screen
00023f24 b buff
0002438c B bx
00024390 B by
0000ef7c t calculate_boffset
0000930c t call_gmon_start
00024f94 B camera_dev
0000d8b8 t ch3_clear
0000d924 t ch3_get_pixel
0000d9a0 t ch3_hline
0000d960 t ch3_set_pixel
0000d9f4 t ch3_vline
0000da50 t ch4_clear
0000dac4 t ch4_get_pixel
0000db50 t ch4_hline
0000db04 t ch4_set_pixel
0000dbac t ch4_vline
0000b79c t circle
0000bdf0 t circle_dot
         U close@@GLIBC_2.4
0000b134 T closeTouchevent
0000b224 T close_camera
00023e40 b completed.5972
000132c8 R con
00010904 T convertMultibyteToUnicodeString
000108b8 T convert_char_ksc5601_to_ucs2
0000e59c t copy_1byte
0000e5c0 t copy_3byte
0001b58c W data_start
00023e48 b dc_buffer
0000b20c T dc_camera
00023e44 b dc_screen
0000b6f8 t draw_circle
0000b864 t ellipse
00024bac B eventArray
0001b594 D event_fd
         U exit@@GLIBC_2.4
00024324 b fb_dev_name
         U fclose@@GLIBC_2.4
         U fgetc@@GLIBC_2.4
00023e50 b font14
00023e58 b font14_name
00023e54 b font18
00023e8a b font18_name
00009cdc T fontloader14
00009c70 T fontloader18
         U fopen@@GLIBC_2.4
0002439c b fp.4256
00009354 t frame_dummy
         U fread@@GLIBC_2.4
         U free@@GLIBC_2.4
0000f2c8 t free_bmp_resource
0000e644 t free_jpg_resource
0000dc44 t free_png_resource
         U fseek@@GLIBC_2.4
         U ftell@@GLIBC_2.4
0000b1b0 T grayscale
0000d418 T gx_bitblt
0000c65c T gx_bitblt270
0000c470 T gx_bitblt90
0000c854 T gx_bitblt_mask
0000f2c4 T gx_bmp_close
0000fb4c T gx_bmp_create
0000f72c T gx_bmp_open
0000bd2c T gx_brush_color
0000c2ec T gx_circle
0000bce0 T gx_clear
0000c0dc T gx_clear_area
0000cd0c T gx_close
0000cd44 T gx_close_frame
0000bc84 T gx_color
0000c348 T gx_ellipse
00024fbc B gx_error_code
0000c8fc T gx_error_string
00024f98 B gx_fb
0000c95c T gx_get_buffer_dc
0000cbd8 T gx_get_compatible_dc
0000d0dc T gx_get_frame_dc
0000bd5c T gx_get_pixel
0000d264 T gx_get_screen_dc
0000fae8 T gx_given_bmp_mastering
0000be30 T gx_hline
000109ec T gx_imagelist_close
00010a38 T gx_imagelist_create
000109d0 T gx_imagelist_get
0000c3b8 T gx_invrectangle
0000e640 T gx_jpg_close
0000e664 T gx_jpg_open
000110e8 T gx_layer_add
00011098 T gx_layer_close
00011028 T gx_layer_create
0001116c T gx_layer_draw
00010f08 T gx_layer_get_dc
00010f2c T gx_layer_invalid
000113a8 T gx_layer_redraw
00010fe8 T gx_layer_visible
0000c1bc T gx_line
0000bf34 T gx_line_to
00010cc0 T gx_mosaic_add
00010c84 T gx_mosaic_close
00010b9c T gx_mosaic_create
00010d74 T gx_mosaic_draw
0000be24 T gx_move_to
0000cf80 T gx_open
0000fc04 T gx_open_font
0000cd7c T gx_open_frame
0000bcfc T gx_pen_color
0000dc40 T gx_png_close
0000e394 T gx_png_create
0000dc64 T gx_png_open
0000c930 T gx_print_error
0000d3a8 T gx_printf_error
0000c1e4 T gx_rectangle
0000c8ec T gx_release_dc
0000bcbc T gx_set_alpha
0000fbfc T gx_set_font
0000bda0 T gx_set_pixel
0000fc9c T gx_text_out
0000d83c T gx_to_fast_dc
0000d408 T gx_to_screen_dc
0000beb0 T gx_vline
0000ea84 T ima_jpeg_error_exit
0000b144 T initTouchevent
0000b234 T init_camera
00009480 t interface_layout
00009384 t interface_loading
         U ioctl@@GLIBC_2.4
         U jpeg_CreateDecompress
         U jpeg_calc_output_dimensions
         U jpeg_destroy_decompress
         U jpeg_finish_decompress
         U jpeg_read_header
         U jpeg_read_scanlines
         U jpeg_start_decompress
         U jpeg_std_error
         U jpeg_stdio_src
000243a0 b jpg.4255
00023e38 D ksc5601max
         U longjmp@@GLIBC_2.4
00009d48 T main
         U malloc@@GLIBC_2.4
         U memcpy@@GLIBC_2.4
         U memset@@GLIBC_2.4
         U mmap@@GLIBC_2.4
         U munmap@@GLIBC_2.4
00023ebc b network
         U open@@GLIBC_2.4
         U opendir@@GLIBC_2.4
0000ab70 T pauseTouchevent
00024398 b png.5834
         U png_check_sig
         U png_create_info_struct
         U png_create_read_struct
         U png_destroy_read_struct
         U png_get_IHDR
         U png_get_bKGD
         U png_get_channels
         U png_get_gAMA
         U png_get_rowbytes
         U png_get_valid
         U png_init_io
         U png_read_end
         U png_read_image
         U png_read_info
         U png_read_update_info
         U png_set_expand
         U png_set_gamma
         U png_set_gray_to_rgb
         U png_set_sig_bytes
         U png_set_strip_16
00024394 B preesed
         U printf@@GLIBC_2.4
         U putchar@@GLIBC_2.4
         U puts@@GLIBC_2.4
         U raise@@GLIBC_2.4
         U read@@GLIBC_2.4
         U readdir@@GLIBC_2.4
0001054c t readfontofcode
         U realloc@@GLIBC_2.4
0000cf48 t release_buffer_dc
0000dc14 t release_dc
0000e604 t release_dc
0000f288 t release_dc
0000cf74 t release_screen_dc
0000aca4 T removeAllTouchevent
0000ac88 T removeTouchevent
0000abc4 T resumeTouchevent
0000f1bc t set_header
0000ba94 t set_virtual_func
0000f2e8 t setup_bitmap
         U sleep@@GLIBC_2.4
         U sprintf@@GLIBC_2.4
         U sscanf@@GLIBC_2.4
00023e3c B stdout@@GLIBC_2.4
         U strcmp@@GLIBC_2.4
         U strcpy@@GLIBC_2.4
         U strlen@@GLIBC_2.4
         U strncmp@@GLIBC_2.4
0001b59c D tabksc5601
0000ace8 T touch
00024ba8 B touch_before
00024388 B touch_evnet_cnt
000243a4 b uniString.4181
         U usleep@@GLIBC_2.4
         U vfprintf@@GLIBC_2.4
00023f20 b volume
