00012f90 r C.55.5467
00010bc8 T FontCacheDeInit
000101d4 T FontCacheInit
00010b1c T FontChanged
0000b2fc T MP3_close
0000b564 T MP3_initialize
0000b40c T MP3_pause
0000b49c T MP3_play
0000b44c T MP3_stop
0001020c T ReadFileLine
000102bc T ReadFont
00010990 T ReadFontOfCode
000107bc T TellMeNextNearestFont
0001c00c d _DYNAMIC
0001c114 d _GLOBAL_OFFSET_TABLE_
00012558 R _IO_stdin_used
         w _Jv_RegisterClasses
00013828 r __FRAME_END__
0001c008 d __JCR_END__
0001c008 d __JCR_LIST__
00011a04 T __adddf3
00012288 T __addsf3
00012220 T __aeabi_d2iz
00011a04 T __aeabi_dadd
0001201c T __aeabi_ddiv
00011db0 T __aeabi_dmul
000119f8 T __aeabi_drsub
00011a00 T __aeabi_dsub
00011cfc T __aeabi_f2d
00012288 T __aeabi_fadd
0001227c T __aeabi_frsub
00012284 T __aeabi_fsub
00011cd4 T __aeabi_i2d
00012420 T __aeabi_i2f
000117c0 T __aeabi_idiv
000119e0 T __aeabi_idivmod
00011d50 T __aeabi_l2d
00012450 T __aeabi_l2f
00011cb0 T __aeabi_ui2d
00012418 T __aeabi_ui2f
00011d3c T __aeabi_ul2d
00012440 T __aeabi_ul2f
00025cac A __bss_end__
00024b18 A __bss_start
00024b18 A __bss_start__
0001c240 D __data_start
000124cc T __div0
0001201c T __divdf3
000117c0 T __divsi3
000093f4 t __do_global_dtors_aux
0001c004 t __do_global_dtors_aux_fini_array_entry
0001c244 D __dso_handle
00025cac A __end__
00013828 A __exidx_end
00013820 A __exidx_start
00011cfc T __extendsfdf2
00012220 T __fixdfsi
00011d50 T __floatdidf
00012450 T __floatdisf
00011cd4 T __floatsidf
00012420 T __floatsisf
00011d3c T __floatundidf
00012440 T __floatundisf
00011cb0 T __floatunsidf
00012418 T __floatunsisf
0001c000 t __frame_dummy_init_array_entry
         w __gmon_start__
0001c004 t __init_array_end
0001c000 t __init_array_start
000124dc T __libc_csu_fini
000124e0 T __libc_csu_init
         U __libc_start_main@@GLIBC_2.4
00011db0 T __muldf3
00011a00 T __subdf3
00012284 T __subsf3
00025cac A _bss_end__
00024b18 A _edata
00025cac A _end
0001254c T _fini
0000901c T _init
         U _setjmp@@GLIBC_2.4
00009390 T _start
         U abort@@GLIBC_2.4
         U access@@GLIBC_2.4
0000ac74 T addTouchevent
0000b5f4 t b16_clear
0000ef90 t b16_clear
0000b5c4 t b16_color
0000ef60 t b16_color
0000b674 t b16_get_pixel
0000eff4 t b16_get_pixel
0000b6b0 t b16_hline
0000f0c8 t b16_hline
0000b644 t b16_set_pixel
0000f090 t b16_set_pixel
0000b704 t b16_vline
0000f124 t b16_vline
0000d6b4 t b1_clear
0000f4e8 t b1_clear
0000d690 t b1_get_pixel
0000edec t b1_get_pixel
0000d6cc t b1_hline
0000f4c4 t b1_hline
0000d69c t b1_set_pixel
0000f4d0 t b1_set_pixel
0000d684 t b1_vline
0000f4b8 t b1_vline
0000b75c t b24_clear
0000f400 t b24_clear
0000b808 t b24_get_pixel
0000f188 t b24_get_pixel
0000b83c t b24_hline
0000f3f4 t b24_hline
0000b7c8 t b24_set_pixel
0000f1d0 t b24_set_pixel
0000b88c t b24_vline
0000f3e8 t b24_vline
0000b904 t b32_clear
0000f3d0 t b32_clear
0000b8e0 t b32_color
0000b974 t b32_get_pixel
0000f21c t b32_get_pixel
0000b9a0 t b32_hline
0000f3c4 t b32_hline
0000b948 t b32_set_pixel
0000f268 t b32_set_pixel
0000b9ec t b32_vline
0000f3b8 t b32_vline
0000d64c t b4_clear
0000f480 t b4_clear
0000d628 t b4_get_pixel
0000ee7c t b4_get_pixel
0000d664 t b4_hline
0000f498 t b4_hline
0000d634 t b4_set_pixel
0000eef4 t b4_set_pixel
0000d61c t b4_vline
0000f474 t b4_vline
0000d5e4 t b8_clear
0000f43c t b8_clear
0000d5c0 t b8_get_pixel
0000ef00 t b8_get_pixel
0000d5fc t b8_hline
0000f454 t b8_hline
0000d5cc t b8_set_pixel
0000f424 t b8_set_pixel
0000d5b4 t b8_vline
0000f418 t b8_vline
0001c24c D beforeEvent
00024b28 b before_screen
00024c00 b buff
00025068 B bx
0002506c B by
0000f2c0 t calculate_boffset
000093c8 t call_gmon_start
00025c7c B camera_dev
0000dbfc t ch3_clear
0000dc68 t ch3_get_pixel
0000dce4 t ch3_hline
0000dca4 t ch3_set_pixel
0000dd38 t ch3_vline
0000dd94 t ch4_clear
0000de08 t ch4_get_pixel
0000de94 t ch4_hline
0000de48 t ch4_set_pixel
0000def0 t ch4_vline
0000bae0 t circle
0000c134 t circle_dot
         U close@@GLIBC_2.4
0000b1a0 T closeTouchevent
0000b290 T close_camera
00024b1c b completed.5972
00013798 R con
00010c48 T convertMultibyteToUnicodeString
00010bfc T convert_char_ksc5601_to_ucs2
0000e8e0 t copy_1byte
0000e904 t copy_3byte
0001c240 W data_start
00024b24 b dc_buffer
0000b278 T dc_camera
00024b20 b dc_screen
0000ba3c t draw_circle
0000bba8 t ellipse
00025894 B eventArray
0001c248 D event_fd
         U execl@@GLIBC_2.4
         U exit@@GLIBC_2.4
00025000 b fb_dev_name
         U fclose@@GLIBC_2.4
00025078 b fd_mixer
         U fgetc@@GLIBC_2.4
00024b2c b font14
00024b34 b font14_name
00024b30 b font18
00024b66 b font18_name
00009dd4 T fontloader14
00009d68 T fontloader18
         U fopen@@GLIBC_2.4
         U fork@@GLIBC_2.4
00025084 b fp.4256
00009410 t frame_dummy
         U fread@@GLIBC_2.4
         U free@@GLIBC_2.4
0000f60c t free_bmp_resource
0000e988 t free_jpg_resource
0000df88 t free_png_resource
         U fseek@@GLIBC_2.4
         U ftell@@GLIBC_2.4
0000b21c T grayscale
0000d75c T gx_bitblt
0000c9a0 T gx_bitblt270
0000c7b4 T gx_bitblt90
0000cb98 T gx_bitblt_mask
0000f608 T gx_bmp_close
0000fe90 T gx_bmp_create
0000fa70 T gx_bmp_open
0000c070 T gx_brush_color
0000c630 T gx_circle
0000c024 T gx_clear
0000c420 T gx_clear_area
0000d050 T gx_close
0000d088 T gx_close_frame
0000bfc8 T gx_color
0000c68c T gx_ellipse
00025ca8 B gx_error_code
0000cc40 T gx_error_string
00025c84 B gx_fb
0000cca0 T gx_get_buffer_dc
0000cf1c T gx_get_compatible_dc
0000d420 T gx_get_frame_dc
0000c0a0 T gx_get_pixel
0000d5a8 T gx_get_screen_dc
0000fe2c T gx_given_bmp_mastering
0000c174 T gx_hline
00010d30 T gx_imagelist_close
00010d7c T gx_imagelist_create
00010d14 T gx_imagelist_get
0000c6fc T gx_invrectangle
0000e984 T gx_jpg_close
0000e9a8 T gx_jpg_open
0001142c T gx_layer_add
000113dc T gx_layer_close
0001136c T gx_layer_create
000114b0 T gx_layer_draw
0001124c T gx_layer_get_dc
00011270 T gx_layer_invalid
000116ec T gx_layer_redraw
0001132c T gx_layer_visible
0000c500 T gx_line
0000c278 T gx_line_to
00011004 T gx_mosaic_add
00010fc8 T gx_mosaic_close
00010ee0 T gx_mosaic_create
000110b8 T gx_mosaic_draw
0000c168 T gx_move_to
0000d2c4 T gx_open
0000ff48 T gx_open_font
0000d0c0 T gx_open_frame
0000c040 T gx_pen_color
0000df84 T gx_png_close
0000e6d8 T gx_png_create
0000dfa8 T gx_png_open
0000cc74 T gx_print_error
0000d6ec T gx_printf_error
0000c528 T gx_rectangle
0000cc30 T gx_release_dc
0000c000 T gx_set_alpha
0000ff40 T gx_set_font
0000c0e4 T gx_set_pixel
0000ffe0 T gx_text_out
0000db80 T gx_to_fast_dc
0000d74c T gx_to_screen_dc
0000c1f4 T gx_vline
00025c80 B id
0000edc8 T ima_jpeg_error_exit
0000b1b0 T initTouchevent
0000b2a0 T init_camera
0000953c t interface_layout
00009440 t interface_loading
         U ioctl@@GLIBC_2.4
         U jpeg_CreateDecompress
         U jpeg_calc_output_dimensions
         U jpeg_destroy_decompress
         U jpeg_finish_decompress
         U jpeg_read_header
         U jpeg_read_scanlines
         U jpeg_start_decompress
         U jpeg_std_error
         U jpeg_stdio_src
00025088 b jpg.4255
         U kill@@GLIBC_2.4
00024b14 D ksc5601max
         U longjmp@@GLIBC_2.4
0001c250 D madplay
00009e40 T main
         U malloc@@GLIBC_2.4
         U memcpy@@GLIBC_2.4
         U memset@@GLIBC_2.4
         U mmap@@GLIBC_2.4
         U munmap@@GLIBC_2.4
00024b98 b network
         U open@@GLIBC_2.4
         U opendir@@GLIBC_2.4
0000abdc T pauseTouchevent
         U perror@@GLIBC_2.4
00025080 b png.5834
         U png_check_sig
         U png_create_info_struct
         U png_create_read_struct
         U png_destroy_read_struct
         U png_get_IHDR
         U png_get_bKGD
         U png_get_channels
         U png_get_gAMA
         U png_get_rowbytes
         U png_get_valid
         U png_init_io
         U png_read_end
         U png_read_image
         U png_read_info
         U png_read_update_info
         U png_set_expand
         U png_set_gamma
         U png_set_gray_to_rgb
         U png_set_sig_bytes
         U png_set_strip_16
00025070 B preesed
         U printf@@GLIBC_2.4
         U putchar@@GLIBC_2.4
         U puts@@GLIBC_2.4
         U raise@@GLIBC_2.4
         U read@@GLIBC_2.4
         U readdir@@GLIBC_2.4
00010890 t readfontofcode
         U realloc@@GLIBC_2.4
0000d28c t release_buffer_dc
0000df58 t release_dc
0000e948 t release_dc
0000f5cc t release_dc
0000d2b8 t release_screen_dc
0000ad10 T removeAllTouchevent
0000acf4 T removeTouchevent
0000ac30 T resumeTouchevent
0001c270 D ret
0000f500 t set_header
0000bdd8 t set_virtual_func
0000f62c t setup_bitmap
         U sleep@@GLIBC_2.4
0000b2ec T soundGetVolume
0000b348 T soundSetVolume
         U sprintf@@GLIBC_2.4
         U sscanf@@GLIBC_2.4
00025074 b status
00024b18 B stdout@@GLIBC_2.4
         U strcmp@@GLIBC_2.4
         U strcpy@@GLIBC_2.4
         U strlen@@GLIBC_2.4
         U strncmp@@GLIBC_2.4
0001c278 D tabksc5601
0000ad54 T touch
00025890 B touch_before
00025064 B touch_evnet_cnt
0002508c b uniString.4181
         U usleep@@GLIBC_2.4
         U vfprintf@@GLIBC_2.4
00024bfc b volume
0002507c b volume
