00012800 r C.55.5467
000105e8 T FontCacheDeInit
0000fbf4 T FontCacheInit
0001053c T FontChanged
0000fc2c T ReadFileLine
0000fcdc T ReadFont
000103b0 T ReadFontOfCode
000101dc T TellMeNextNearestFont
0001b0a8 d _DYNAMIC
0001b1b0 d _GLOBAL_OFFSET_TABLE_
00011f78 R _IO_stdin_used
         w _Jv_RegisterClasses
00013098 r __FRAME_END__
0001b0a4 d __JCR_END__
0001b0a4 d __JCR_LIST__
00011424 T __adddf3
00011ca8 T __addsf3
00011c40 T __aeabi_d2iz
00011424 T __aeabi_dadd
00011a3c T __aeabi_ddiv
000117d0 T __aeabi_dmul
00011418 T __aeabi_drsub
00011420 T __aeabi_dsub
0001171c T __aeabi_f2d
00011ca8 T __aeabi_fadd
00011c9c T __aeabi_frsub
00011ca4 T __aeabi_fsub
000116f4 T __aeabi_i2d
00011e40 T __aeabi_i2f
000111e0 T __aeabi_idiv
00011400 T __aeabi_idivmod
00011770 T __aeabi_l2d
00011e70 T __aeabi_l2f
000116d0 T __aeabi_ui2d
00011e38 T __aeabi_ui2f
0001175c T __aeabi_ul2d
00011e60 T __aeabi_ul2f
00024c24 A __bss_end__
00023b70 A __bss_start
00023b70 A __bss_start__
0001b2c0 D __data_start
00011eec T __div0
00011a3c T __divdf3
000111e0 T __divsi3
000092a0 t __do_global_dtors_aux
0001b0a0 t __do_global_dtors_aux_fini_array_entry
0001b2c4 D __dso_handle
00024c24 A __end__
00013098 A __exidx_end
00013090 A __exidx_start
0001171c T __extendsfdf2
00011c40 T __fixdfsi
00011770 T __floatdidf
00011e70 T __floatdisf
000116f4 T __floatsidf
00011e40 T __floatsisf
0001175c T __floatundidf
00011e60 T __floatundisf
000116d0 T __floatunsidf
00011e38 T __floatunsisf
0001b09c t __frame_dummy_init_array_entry
         w __gmon_start__
0001b0a0 t __init_array_end
0001b09c t __init_array_start
00011efc T __libc_csu_fini
00011f00 T __libc_csu_init
         U __libc_start_main@@GLIBC_2.4
000117d0 T __muldf3
00011420 T __subdf3
00011ca4 T __subsf3
00024c24 A _bss_end__
00023b70 A _edata
00024c24 A _end
00011f6c T _fini
00008f1c T _init
         U _setjmp@@GLIBC_2.4
0000923c T _start
         U abort@@GLIBC_2.4
         U access@@GLIBC_2.4
0000a8b4 T addTouchevent
0000b014 t b16_clear
0000e9b0 t b16_clear
0000afe4 t b16_color
0000e980 t b16_color
0000b094 t b16_get_pixel
0000ea14 t b16_get_pixel
0000b0d0 t b16_hline
0000eae8 t b16_hline
0000b064 t b16_set_pixel
0000eab0 t b16_set_pixel
0000b124 t b16_vline
0000eb44 t b16_vline
0000d0d4 t b1_clear
0000ef08 t b1_clear
0000d0b0 t b1_get_pixel
0000e80c t b1_get_pixel
0000d0ec t b1_hline
0000eee4 t b1_hline
0000d0bc t b1_set_pixel
0000eef0 t b1_set_pixel
0000d0a4 t b1_vline
0000eed8 t b1_vline
0000b17c t b24_clear
0000ee20 t b24_clear
0000b228 t b24_get_pixel
0000eba8 t b24_get_pixel
0000b25c t b24_hline
0000ee14 t b24_hline
0000b1e8 t b24_set_pixel
0000ebf0 t b24_set_pixel
0000b2ac t b24_vline
0000ee08 t b24_vline
0000b324 t b32_clear
0000edf0 t b32_clear
0000b300 t b32_color
0000b394 t b32_get_pixel
0000ec3c t b32_get_pixel
0000b3c0 t b32_hline
0000ede4 t b32_hline
0000b368 t b32_set_pixel
0000ec88 t b32_set_pixel
0000b40c t b32_vline
0000edd8 t b32_vline
0000d06c t b4_clear
0000eea0 t b4_clear
0000d048 t b4_get_pixel
0000e89c t b4_get_pixel
0000d084 t b4_hline
0000eeb8 t b4_hline
0000d054 t b4_set_pixel
0000e914 t b4_set_pixel
0000d03c t b4_vline
0000ee94 t b4_vline
0000d004 t b8_clear
0000ee5c t b8_clear
0000cfe0 t b8_get_pixel
0000e920 t b8_get_pixel
0000d01c t b8_hline
0000ee74 t b8_hline
0000cfec t b8_set_pixel
0000ee44 t b8_set_pixel
0000cfd4 t b8_vline
0000ee38 t b8_vline
0001b2cc D beforeEvent
00023b80 b before_screen
00023b8c b buff
00023ff4 B bx
00023ff8 B by
0000ece0 t calculate_boffset
00009274 t call_gmon_start
0000d61c t ch3_clear
0000d688 t ch3_get_pixel
0000d704 t ch3_hline
0000d6c4 t ch3_set_pixel
0000d758 t ch3_vline
0000d7b4 t ch4_clear
0000d828 t ch4_get_pixel
0000d8b4 t ch4_hline
0000d868 t ch4_set_pixel
0000d910 t ch4_vline
0000b500 t circle
0000bb54 t circle_dot
         U close@@GLIBC_2.4
0000a994 T closeTouchevent
00023b74 b completed.5972
00013008 R con
00010668 T convertMultibyteToUnicodeString
0001061c T convert_char_ksc5601_to_ucs2
0000e300 t copy_1byte
0000e324 t copy_3byte
0001b2c0 W data_start
00023b7c b dc_buffer
0000ae34 T dc_camera
00023b78 b dc_screen
0000b45c t draw_circle
0000b5c8 t ellipse
00024814 B eventArray
0001b2c8 D event_fd
         U exit@@GLIBC_2.4
00023f8c b fb_dev_name
         U fclose@@GLIBC_2.4
         U fgetc@@GLIBC_2.4
00023b84 b font14
00023b88 b font18
00009c30 T fontloader14
00009bd8 T fontloader18
         U fopen@@GLIBC_2.4
00024004 b fp.4256
000092bc t frame_dummy
         U fread@@GLIBC_2.4
         U free@@GLIBC_2.4
0000f02c t free_bmp_resource
0000e3a8 t free_jpg_resource
0000d9a8 t free_png_resource
         U fseek@@GLIBC_2.4
         U ftell@@GLIBC_2.4
0000d17c T gx_bitblt
0000c3c0 T gx_bitblt270
0000c1d4 T gx_bitblt90
0000c5b8 T gx_bitblt_mask
0000f028 T gx_bmp_close
0000f8b0 T gx_bmp_create
0000f490 T gx_bmp_open
0000ba90 T gx_brush_color
0000c050 T gx_circle
0000ba44 T gx_clear
0000be40 T gx_clear_area
0000ca70 T gx_close
0000caa8 T gx_close_frame
0000b9e8 T gx_color
0000c0ac T gx_ellipse
00024c20 B gx_error_code
0000c660 T gx_error_string
00024bfc B gx_fb
0000c6c0 T gx_get_buffer_dc
0000c93c T gx_get_compatible_dc
0000ce40 T gx_get_frame_dc
0000bac0 T gx_get_pixel
0000cfc8 T gx_get_screen_dc
0000f84c T gx_given_bmp_mastering
0000bb94 T gx_hline
00010750 T gx_imagelist_close
0001079c T gx_imagelist_create
00010734 T gx_imagelist_get
0000c11c T gx_invrectangle
0000e3a4 T gx_jpg_close
0000e3c8 T gx_jpg_open
00010e4c T gx_layer_add
00010dfc T gx_layer_close
00010d8c T gx_layer_create
00010ed0 T gx_layer_draw
00010c6c T gx_layer_get_dc
00010c90 T gx_layer_invalid
0001110c T gx_layer_redraw
00010d4c T gx_layer_visible
0000bf20 T gx_line
0000bc98 T gx_line_to
00010a24 T gx_mosaic_add
000109e8 T gx_mosaic_close
00010900 T gx_mosaic_create
00010ad8 T gx_mosaic_draw
0000bb88 T gx_move_to
0000cce4 T gx_open
0000f968 T gx_open_font
0000cae0 T gx_open_frame
0000ba60 T gx_pen_color
0000d9a4 T gx_png_close
0000e0f8 T gx_png_create
0000d9c8 T gx_png_open
0000c694 T gx_print_error
0000d10c T gx_printf_error
0000bf48 T gx_rectangle
0000c650 T gx_release_dc
0000ba20 T gx_set_alpha
0000f960 T gx_set_font
0000bb04 T gx_set_pixel
0000fa00 T gx_text_out
0000d5a0 T gx_to_fast_dc
0000d16c T gx_to_screen_dc
0000bc14 T gx_vline
0000e7e8 T ima_jpeg_error_exit
0000ae18 T initTouchevent
000093e8 t interface_layout
000092ec t interface_loading
         U ioctl@@GLIBC_2.4
         U jpeg_CreateDecompress
         U jpeg_calc_output_dimensions
         U jpeg_destroy_decompress
         U jpeg_finish_decompress
         U jpeg_read_header
         U jpeg_read_scanlines
         U jpeg_start_decompress
         U jpeg_std_error
         U jpeg_stdio_src
00024008 b jpg.4255
00023b6c D ksc5601max
         U longjmp@@GLIBC_2.4
00009c88 T main
         U malloc@@GLIBC_2.4
         U memcpy@@GLIBC_2.4
         U memset@@GLIBC_2.4
         U mmap@@GLIBC_2.4
         U munmap@@GLIBC_2.4
         U open@@GLIBC_2.4
0000a81c T pauseTouchevent
00024000 b png.5834
         U png_check_sig
         U png_create_info_struct
         U png_create_read_struct
         U png_destroy_read_struct
         U png_get_IHDR
         U png_get_bKGD
         U png_get_channels
         U png_get_gAMA
         U png_get_rowbytes
         U png_get_valid
         U png_init_io
         U png_read_end
         U png_read_image
         U png_read_info
         U png_read_update_info
         U png_set_expand
         U png_set_gamma
         U png_set_gray_to_rgb
         U png_set_sig_bytes
         U png_set_strip_16
00023ffc B preesed
         U printf@@GLIBC_2.4
         U putchar@@GLIBC_2.4
         U puts@@GLIBC_2.4
         U raise@@GLIBC_2.4
         U read@@GLIBC_2.4
000102b0 t readfontofcode
         U realloc@@GLIBC_2.4
0000ccac t release_buffer_dc
0000d978 t release_dc
0000e368 t release_dc
0000efec t release_dc
0000ccd8 t release_screen_dc
0000a950 T removeAllTouchevent
0000a934 T removeTouchevent
0000a870 T resumeTouchevent
0000ef20 t set_header
0000b7f8 t set_virtual_func
0000f04c t setup_bitmap
         U sleep@@GLIBC_2.4
         U sprintf@@GLIBC_2.4
         U sscanf@@GLIBC_2.4
00023b70 B stdout@@GLIBC_2.4
         U strcpy@@GLIBC_2.4
         U strlen@@GLIBC_2.4
         U strncmp@@GLIBC_2.4
0001b2d0 D tabksc5601
0000a9a4 T touch
00024810 B touch_before
00023ff0 B touch_evnet_cnt
0002400c b uniString.4181
         U usleep@@GLIBC_2.4
         U vfprintf@@GLIBC_2.4
