00011ff0 r C.55.5467
0000fe70 T FontCacheDeInit
0000f47c T FontCacheInit
0000fdc4 T FontChanged
0000f4b4 T ReadFileLine
0000f564 T ReadFont
0000fc38 T ReadFontOfCode
0000fa64 T TellMeNextNearestFont
0001b00c d _DYNAMIC
0001b114 d _GLOBAL_OFFSET_TABLE_
00011800 R _IO_stdin_used
         w _Jv_RegisterClasses
00012888 r __FRAME_END__
0001b008 d __JCR_END__
0001b008 d __JCR_LIST__
00010cac T __adddf3
00011530 T __addsf3
000114c8 T __aeabi_d2iz
00010cac T __aeabi_dadd
000112c4 T __aeabi_ddiv
00011058 T __aeabi_dmul
00010ca0 T __aeabi_drsub
00010ca8 T __aeabi_dsub
00010fa4 T __aeabi_f2d
00011530 T __aeabi_fadd
00011524 T __aeabi_frsub
0001152c T __aeabi_fsub
00010f7c T __aeabi_i2d
000116c8 T __aeabi_i2f
00010a68 T __aeabi_idiv
00010c88 T __aeabi_idivmod
00010ff8 T __aeabi_l2d
000116f8 T __aeabi_l2f
00010f58 T __aeabi_ui2d
000116c0 T __aeabi_ui2f
00010fe4 T __aeabi_ul2d
000116e8 T __aeabi_ul2f
0002484c A __bss_end__
00023ac8 A __bss_start
00023ac8 A __bss_start__
0001b220 D __data_start
00011774 T __div0
000112c4 T __divdf3
00010a68 T __divsi3
00009270 t __do_global_dtors_aux
0001b004 t __do_global_dtors_aux_fini_array_entry
0001b224 D __dso_handle
0002484c A __end__
00012888 A __exidx_end
00012880 A __exidx_start
00010fa4 T __extendsfdf2
000114c8 T __fixdfsi
00010ff8 T __floatdidf
000116f8 T __floatdisf
00010f7c T __floatsidf
000116c8 T __floatsisf
00010fe4 T __floatundidf
000116e8 T __floatundisf
00010f58 T __floatunsidf
000116c0 T __floatunsisf
0001b000 t __frame_dummy_init_array_entry
         w __gmon_start__
0001b004 t __init_array_end
0001b000 t __init_array_start
00011784 T __libc_csu_fini
00011788 T __libc_csu_init
         U __libc_start_main@@GLIBC_2.4
00011058 T __muldf3
00010ca8 T __subdf3
0001152c T __subsf3
0002484c A _bss_end__
00023ac8 A _edata
0002484c A _end
000117f4 T _fini
00008ef8 T _init
         U _setjmp@@GLIBC_2.4
0000920c T _start
         U abort@@GLIBC_2.4
         U access@@GLIBC_2.4
0000a288 T addTouchevent
0000a89c t b16_clear
0000e238 t b16_clear
0000a86c t b16_color
0000e208 t b16_color
0000a91c t b16_get_pixel
0000e29c t b16_get_pixel
0000a958 t b16_hline
0000e370 t b16_hline
0000a8ec t b16_set_pixel
0000e338 t b16_set_pixel
0000a9ac t b16_vline
0000e3cc t b16_vline
0000c95c t b1_clear
0000e790 t b1_clear
0000c938 t b1_get_pixel
0000e094 t b1_get_pixel
0000c974 t b1_hline
0000e76c t b1_hline
0000c944 t b1_set_pixel
0000e778 t b1_set_pixel
0000c92c t b1_vline
0000e760 t b1_vline
0000aa04 t b24_clear
0000e6a8 t b24_clear
0000aab0 t b24_get_pixel
0000e430 t b24_get_pixel
0000aae4 t b24_hline
0000e69c t b24_hline
0000aa70 t b24_set_pixel
0000e478 t b24_set_pixel
0000ab34 t b24_vline
0000e690 t b24_vline
0000abac t b32_clear
0000e678 t b32_clear
0000ab88 t b32_color
0000ac1c t b32_get_pixel
0000e4c4 t b32_get_pixel
0000ac48 t b32_hline
0000e66c t b32_hline
0000abf0 t b32_set_pixel
0000e510 t b32_set_pixel
0000ac94 t b32_vline
0000e660 t b32_vline
0000c8f4 t b4_clear
0000e728 t b4_clear
0000c8d0 t b4_get_pixel
0000e124 t b4_get_pixel
0000c90c t b4_hline
0000e740 t b4_hline
0000c8dc t b4_set_pixel
0000e19c t b4_set_pixel
0000c8c4 t b4_vline
0000e71c t b4_vline
0000c88c t b8_clear
0000e6e4 t b8_clear
0000c868 t b8_get_pixel
0000e1a8 t b8_get_pixel
0000c8a4 t b8_hline
0000e6fc t b8_hline
0000c874 t b8_set_pixel
0000e6cc t b8_set_pixel
0000c85c t b8_vline
0000e6c0 t b8_vline
00023ad8 b before_screen
00023ae4 b buff
0000e568 t calculate_boffset
00009244 t call_gmon_start
0000cea4 t ch3_clear
0000cf10 t ch3_get_pixel
0000cf8c t ch3_hline
0000cf4c t ch3_set_pixel
0000cfe0 t ch3_vline
0000d03c t ch4_clear
0000d0b0 t ch4_get_pixel
0000d13c t ch4_hline
0000d0f0 t ch4_set_pixel
0000d198 t ch4_vline
0000ad88 t circle
0000b3dc t circle_dot
         U close@@GLIBC_2.4
00023acc b completed.5972
000127f8 R con
0000fef0 T convertMultibyteToUnicodeString
0000fea4 T convert_char_ksc5601_to_ucs2
0000db88 t copy_1byte
0000dbac t copy_3byte
0001b220 W data_start
00023ad4 b dc_buffer
0000a6bc T dc_camera
00023ad0 b dc_screen
0000ace4 t draw_circle
0000ae50 t ellipse
0002475c B eventArray
         U exit@@GLIBC_2.4
00023ee4 b fb_dev_name
         U fclose@@GLIBC_2.4
         U fgetc@@GLIBC_2.4
         U fopen@@GLIBC_2.4
00023f50 b fp.4256
0000928c t frame_dummy
         U fread@@GLIBC_2.4
         U free@@GLIBC_2.4
0000e8b4 t free_bmp_resource
0000dc30 t free_jpg_resource
0000d230 t free_png_resource
         U fseek@@GLIBC_2.4
         U ftell@@GLIBC_2.4
0000ca04 T gx_bitblt
0000bc48 T gx_bitblt270
0000ba5c T gx_bitblt90
0000be40 T gx_bitblt_mask
0000e8b0 T gx_bmp_close
0000f138 T gx_bmp_create
0000ed18 T gx_bmp_open
0000b318 T gx_brush_color
0000b8d8 T gx_circle
0000b2cc T gx_clear
0000b6c8 T gx_clear_area
0000c2f8 T gx_close
0000c330 T gx_close_frame
0000b270 T gx_color
0000b934 T gx_ellipse
00024848 B gx_error_code
0000bee8 T gx_error_string
00024824 B gx_fb
0000bf48 T gx_get_buffer_dc
0000c1c4 T gx_get_compatible_dc
0000c6c8 T gx_get_frame_dc
0000b348 T gx_get_pixel
0000c850 T gx_get_screen_dc
0000f0d4 T gx_given_bmp_mastering
0000b41c T gx_hline
0000ffd8 T gx_imagelist_close
00010024 T gx_imagelist_create
0000ffbc T gx_imagelist_get
0000b9a4 T gx_invrectangle
0000dc2c T gx_jpg_close
0000dc50 T gx_jpg_open
000106d4 T gx_layer_add
00010684 T gx_layer_close
00010614 T gx_layer_create
00010758 T gx_layer_draw
000104f4 T gx_layer_get_dc
00010518 T gx_layer_invalid
00010994 T gx_layer_redraw
000105d4 T gx_layer_visible
0000b7a8 T gx_line
0000b520 T gx_line_to
000102ac T gx_mosaic_add
00010270 T gx_mosaic_close
00010188 T gx_mosaic_create
00010360 T gx_mosaic_draw
0000b410 T gx_move_to
0000c56c T gx_open
0000f1f0 T gx_open_font
0000c368 T gx_open_frame
0000b2e8 T gx_pen_color
0000d22c T gx_png_close
0000d980 T gx_png_create
0000d250 T gx_png_open
0000bf1c T gx_print_error
0000c994 T gx_printf_error
0000b7d0 T gx_rectangle
0000bed8 T gx_release_dc
0000b2a8 T gx_set_alpha
0000f1e8 T gx_set_font
0000b38c T gx_set_pixel
0000f288 T gx_text_out
0000ce28 T gx_to_fast_dc
0000c9f4 T gx_to_screen_dc
0000b49c T gx_vline
0000e070 T ima_jpeg_error_exit
0000a284 T initTouchevent
000093b8 t interface_layout
000092bc t interface_loading
         U ioctl@@GLIBC_2.4
         U jpeg_CreateDecompress
         U jpeg_calc_output_dimensions
         U jpeg_destroy_decompress
         U jpeg_finish_decompress
         U jpeg_read_header
         U jpeg_read_scanlines
         U jpeg_start_decompress
         U jpeg_std_error
         U jpeg_stdio_src
00023f54 b jpg.4255
00023ac4 D ksc5601max
         U longjmp@@GLIBC_2.4
00009b18 T main
00023adc b malgun14
00023ae0 b malgun18
         U malloc@@GLIBC_2.4
         U memcpy@@GLIBC_2.4
         U memset@@GLIBC_2.4
         U mmap@@GLIBC_2.4
         U munmap@@GLIBC_2.4
         U open@@GLIBC_2.4
00023f4c b png.5834
         U png_check_sig
         U png_create_info_struct
         U png_create_read_struct
         U png_destroy_read_struct
         U png_get_IHDR
         U png_get_bKGD
         U png_get_channels
         U png_get_gAMA
         U png_get_rowbytes
         U png_get_valid
         U png_init_io
         U png_read_end
         U png_read_image
         U png_read_info
         U png_read_update_info
         U png_set_expand
         U png_set_gamma
         U png_set_gray_to_rgb
         U png_set_sig_bytes
         U png_set_strip_16
         U printf@@GLIBC_2.4
         U putchar@@GLIBC_2.4
         U puts@@GLIBC_2.4
         U raise@@GLIBC_2.4
         U read@@GLIBC_2.4
0000fb38 t readfontofcode
         U realloc@@GLIBC_2.4
0000c534 t release_buffer_dc
0000d200 t release_dc
0000dbf0 t release_dc
0000e874 t release_dc
0000c560 t release_screen_dc
0000a320 T removeAllTouchevent
0000a304 T removeTouchevent
0000e7a8 t set_header
0000b080 t set_virtual_func
0000e8d4 t setup_bitmap
         U sleep@@GLIBC_2.4
         U sscanf@@GLIBC_2.4
00023ac8 B stdout@@GLIBC_2.4
         U strcpy@@GLIBC_2.4
         U strlen@@GLIBC_2.4
         U strncmp@@GLIBC_2.4
0001b228 D tabksc5601
0000a474 T touch
00023f48 B touch_evnet_cnt
0000a364 T touch_pause
00023f58 b uniString.4181
         U usleep@@GLIBC_2.4
         U vfprintf@@GLIBC_2.4
